// Jest Snapshot v1, https://goo.gl/fbAQLP

exports[`parsepatchFile can handle files with CRLF line breaks 1`] = `
Array [
  Object {
    "hash": "3e1267f",
    "hunk": Object {
      "header": Object {
        "original": Object {
          "length": 0,
          "start": 1,
        },
        "patched": Object {
          "length": 1,
          "start": 1,
        },
      },
      "parts": Array [
        Object {
          "lines": Array [
            "this is a new file
",
          ],
          "noNewlineAtEndOfFile": false,
          "type": "insertion",
        },
      ],
    },
    "mode": 420,
    "path": "banana.ts",
    "semverExclusivity": null,
    "type": "file creation",
  },
]
`;

exports[`parsepatchFile works 1`] = `
Array [
  Object {
    "fromPath": "numbers.txt",
    "semverExclusivity": null,
    "toPath": "banana.txt",
    "type": "rename",
  },
  Object {
    "newMode": 493,
    "oldMode": 420,
    "path": "banana.txt",
    "semverExclusivity": null,
    "type": "mode change",
  },
  Object {
    "afterHash": "92d2c5f",
    "beforeHash": "fbf1785",
    "hunks": Array [
      Object {
        "header": Object {
          "original": Object {
            "length": 4,
            "start": 1,
          },
          "patched": Object {
            "length": 4,
            "start": 1,
          },
        },
        "parts": Array [
          Object {
            "lines": Array [
              "one",
            ],
            "noNewlineAtEndOfFile": false,
            "type": "deletion",
          },
          Object {
            "lines": Array [
              "ne",
            ],
            "noNewlineAtEndOfFile": false,
            "type": "insertion",
          },
          Object {
            "lines": Array [
              "",
              "two",
              "",
            ],
            "noNewlineAtEndOfFile": false,
            "type": "context",
          },
        ],
      },
    ],
    "path": "banana.txt",
    "semverExclusivity": null,
    "type": "patch",
  },
]
`;

exports[`parsepatchFile works 2`] = `
Array [
  Object {
    "afterHash": "842652c",
    "beforeHash": "2de83dd",
    "hunks": Array [
      Object {
        "header": Object {
          "original": Object {
            "length": 5,
            "start": 1,
          },
          "patched": Object {
            "length": 5,
            "start": 1,
          },
        },
        "parts": Array [
          Object {
            "lines": Array [
              "this",
              "is",
              "",
            ],
            "noNewlineAtEndOfFile": false,
            "type": "context",
          },
          Object {
            "lines": Array [
              "a",
            ],
            "noNewlineAtEndOfFile": false,
            "type": "deletion",
          },
          Object {
            "lines": Array [
              "",
            ],
            "noNewlineAtEndOfFile": false,
            "type": "insertion",
          },
          Object {
            "lines": Array [
              "file",
            ],
            "noNewlineAtEndOfFile": false,
            "type": "context",
          },
        ],
      },
    ],
    "path": "banana.ts",
    "semverExclusivity": null,
    "type": "patch",
  },
]
`;

exports[`parsepatchFile works 3`] = `
Array [
  Object {
    "fromPath": "numbers.txt",
    "semverExclusivity": null,
    "toPath": "banana.txt",
    "type": "rename",
  },
  Object {
    "newMode": 493,
    "oldMode": 420,
    "path": "banana.txt",
    "semverExclusivity": null,
    "type": "mode change",
  },
  Object {
    "afterHash": "92d2c5f",
    "beforeHash": "fbf1785",
    "hunks": Array [
      Object {
        "header": Object {
          "original": Object {
            "length": 4,
            "start": 1,
          },
          "patched": Object {
            "length": 4,
            "start": 1,
          },
        },
        "parts": Array [
          Object {
            "lines": Array [
              "one",
            ],
            "noNewlineAtEndOfFile": false,
            "type": "deletion",
          },
          Object {
            "lines": Array [
              "ne",
            ],
            "noNewlineAtEndOfFile": false,
            "type": "insertion",
          },
          Object {
            "lines": Array [
              "",
              "two",
              "",
            ],
            "noNewlineAtEndOfFile": false,
            "type": "context",
          },
        ],
      },
    ],
    "path": "banana.txt",
    "semverExclusivity": null,
    "type": "patch",
  },
]
`;

exports[`parsepatchFile works for a simple case 1`] = `
Array [
  Object {
    "afterHash": "842652c",
    "beforeHash": "2de83dd",
    "hunks": Array [
      Object {
        "header": Object {
          "original": Object {
            "length": 5,
            "start": 1,
          },
          "patched": Object {
            "length": 5,
            "start": 1,
          },
        },
        "parts": Array [
          Object {
            "lines": Array [
              "this",
              "is",
              "",
            ],
            "noNewlineAtEndOfFile": false,
            "type": "context",
          },
          Object {
            "lines": Array [
              "a",
            ],
            "noNewlineAtEndOfFile": false,
            "type": "deletion",
          },
          Object {
            "lines": Array [
              "",
            ],
            "noNewlineAtEndOfFile": false,
            "type": "insertion",
          },
          Object {
            "lines": Array [
              "file",
            ],
            "noNewlineAtEndOfFile": false,
            "type": "context",
          },
        ],
      },
    ],
    "path": "banana.ts",
    "semverExclusivity": null,
    "type": "patch",
  },
]
`;
