// Jest Snapshot v1, https://goo.gl/fbAQLP

exports[`gitUtils should properly normalize GitHubOrg/foo-bar.js 1`] = `"https://github.com/GitHubOrg/foo-bar.js.git"`;

exports[`gitUtils should properly normalize GitHubOrg/foo-bar.js#hash 1`] = `"https://github.com/GitHubOrg/foo-bar.js.git#hash"`;

exports[`gitUtils should properly normalize GitHubOrg/foo2bar.js 1`] = `"GitHubOrg/foo2bar.js"`;

exports[`gitUtils should properly normalize git+ssh://git@github.com/TooTallNate/util-deprecate.git#v1.0.1 1`] = `"git+ssh://git@github.com/TooTallNate/util-deprecate.git#v1.0.1"`;

exports[`gitUtils should properly normalize git://github.com/TooTallNate/util-deprecate.git#v1.0.1 1`] = `"git://github.com/TooTallNate/util-deprecate.git#v1.0.1"`;

exports[`gitUtils should properly normalize github:GitHubOrg/foo-bar.js 1`] = `"https://github.com/GitHubOrg/foo-bar.js.git"`;

exports[`gitUtils should properly normalize github:GitHubOrg/foo-bar.js#hash 1`] = `"https://github.com/GitHubOrg/foo-bar.js.git#hash"`;

exports[`gitUtils should properly normalize https://github.com/TooTallNate/util-deprecate.git#b3562c2798507869edb767da869cd7b85487726d 1`] = `"https://github.com/TooTallNate/util-deprecate.git#b3562c2798507869edb767da869cd7b85487726d"`;

exports[`gitUtils should properly normalize https://github.com/TooTallNate/util-deprecate.git#master 1`] = `"https://github.com/TooTallNate/util-deprecate.git#master"`;

exports[`gitUtils should properly normalize https://github.com/TooTallNate/util-deprecate.git#v1.0.0 1`] = `"https://github.com/TooTallNate/util-deprecate.git#v1.0.0"`;
