// Jest Snapshot v1, https://goo.gl/fbAQLP

exports[`Features Merge Conflict Resolution it should properly fix merge conflicts 1`] = `
"# This file is generated by running \\"berry install\\" inside your project.
# Manual changes might be lost - proceed with caution!

__metadata:
  version: 3

\\"no-deps@npm:*\\":
<<<<<<< HEAD
  version: 1.0.0
  resolution: \\"no-deps@npm:1.0.0\\"
  checksum: <checksum stripped>
=======
  version: 2.0.0
  resolution: \\"no-deps@npm:2.0.0\\"
  checksum: <checksum stripped>
>>>>>>> 2.0.0
  languageName: node
  linkType: hard

\\"root-workspace-988eec@workspace:.\\":
  version: 0.0.0-use.local
  resolution: \\"root-workspace-988eec@workspace:.\\"
  dependencies:
    no-deps: \\"npm:*\\"
  languageName: unknown
  linkType: soft
"
`;

exports[`Features Merge Conflict Resolution it should properly fix merge conflicts 2`] = `
Object {
  "code": 0,
  "stderr": "",
  "stdout": "‚û§ YN0048: Automatically fixed merge conflicts üëç
‚û§ YN0000: ‚îå Resolution step
‚û§ YN0000: ‚îî Completed
‚û§ YN0000: ‚îå Fetch step
‚û§ YN0019: ‚îÇ no-deps-npm-1.0.0-7b98016e47.zip appears to be unused - removing
‚û§ YN0000: ‚îî Completed
‚û§ YN0000: ‚îå Link step
‚û§ YN0000: ‚îî Completed
‚û§ YN0000: Done
",
}
`;
