// Jest Snapshot v1, https://goo.gl/fbAQLP

exports[`Features Pruned native deps should resolve all dependencies, regardless of the system 1`] = `
"# This file is generated by running \\"yarn install\\" inside your project.
# Manual changes might be lost - proceed with caution!

__metadata:
  version: 7
  cacheKey: 0

\\"native-bar-x64@npm:1.0.0\\":
  version: 1.0.0
  resolution: \\"native-bar-x64@npm:1.0.0\\"
  conditions: os=bar & cpu=x64
  languageName: node
  linkType: hard

\\"native-foo-x64@npm:1.0.0\\":
  version: 1.0.0
  resolution: \\"native-foo-x64@npm:1.0.0\\"
  conditions: os=foo & cpu=x64
  languageName: node
  linkType: hard

\\"native-foo-x86@npm:1.0.0\\":
  version: 1.0.0
  resolution: \\"native-foo-x86@npm:1.0.0\\"
  conditions: os=foo & cpu=x86
  languageName: node
  linkType: hard

\\"native-libc-glibc@npm:1.0.0\\":
  version: 1.0.0
  resolution: \\"native-libc-glibc@npm:1.0.0\\"
  conditions: libc=glibc
  languageName: node
  linkType: hard

\\"native-libc-musl@npm:1.0.0\\":
  version: 1.0.0
  resolution: \\"native-libc-musl@npm:1.0.0\\"
  conditions: libc=musl
  languageName: node
  linkType: hard

\\"optional-native@npm:1.0.0\\":
  version: 1.0.0
  resolution: \\"optional-native@npm:1.0.0\\"
  dependencies:
    native-bar-x64: \\"npm:1.0.0\\"
    native-foo-x64: \\"npm:1.0.0\\"
    native-foo-x86: \\"npm:1.0.0\\"
    native-libc-glibc: \\"npm:1.0.0\\"
    native-libc-musl: \\"npm:1.0.0\\"
  dependenciesMeta:
    native-bar-x64:
      optional: true
    native-foo-x64:
      optional: true
    native-foo-x86:
      optional: true
    native-libc-glibc:
      optional: true
    native-libc-musl:
      optional: true
  checksum: 0ae9552e06bdba0ff16b55e1b2dd8f89e9039aa5adc4c233c7f580538c5b359e7f4575c037cb7ad3e7814c053cc3760c0344c9cbc67c91f3ac5c4f4591ff30fe
  languageName: node
  linkType: hard

\\"root-workspace-0b6124@workspace:.\\":
  version: 0.0.0-use.local
  resolution: \\"root-workspace-0b6124@workspace:.\\"
  dependencies:
    optional-native: \\"npm:1.0.0\\"
  languageName: unknown
  linkType: soft
"
`;
