// Jest Snapshot v1, https://goo.gl/fbAQLP

exports[`Commands add it should clean the cache when cache lives inside the project 1`] = `
{
  "code": 0,
  "stderr": "",
  "stdout": "➤ YN0000: · Yarn 0.0.0
➤ YN0000: ┌ Resolution step
➤ YN0085: │ + no-deps@npm:2.0.0
➤ YN0085: │ - no-deps@npm:1.0.0
➤ YN0000: └ Completed
➤ YN0000: ┌ Fetch step
➤ YN0013: │ A package was added to the cache, and one was removed.
➤ YN0000: └ Completed
➤ YN0000: ┌ Link step
➤ YN0000: └ Completed
➤ YN0000: · Done
",
}
`;

exports[`Commands add it should not clean the cache when cache lives inside the project but global cache is set 1`] = `
{
  "code": 0,
  "stderr": "",
  "stdout": "➤ YN0000: · Yarn 0.0.0
➤ YN0000: ┌ Resolution step
➤ YN0085: │ + no-deps@npm:2.0.0
➤ YN0085: │ - no-deps@npm:1.0.0
➤ YN0000: └ Completed
➤ YN0000: ┌ Fetch step
➤ YN0013: │ A package was added to the cache (+ 0.68 KiB).
➤ YN0000: └ Completed
➤ YN0000: ┌ Link step
➤ YN0000: └ Completed
➤ YN0000: · Done
",
}
`;
