// Jest Snapshot v1, https://goo.gl/fbAQLP

exports[`Commands add it should clean the cache when cache lives inside the project 1`] = `
Object {
  "code": 0,
  "stderr": "",
  "stdout": "➤ YN0000: ┌ Resolution step
➤ YN0000: └ Completed
➤ YN0000: ┌ Fetch step
➤ YN0013: │ no-deps@npm:2.0.0 can't be found in the cache and will be fetched from the remote registry
➤ YN0019: │ no-deps-npm-1.0.0-7b98016e47.zip appears to be unused - removing
➤ YN0000: └ Completed
➤ YN0000: ┌ Link step
➤ YN0000: └ Completed
➤ YN0000: Done
",
}
`;
